Archive member included because of file (symbol)

c:/winavr-20100110/bin/../lib/gcc/avr/4.3.3/avr5\libgcc.a(_udivmodsi4.o)
                              ./HAL/lcd.o (__udivmodsi4)
c:/winavr-20100110/bin/../lib/gcc/avr/4.3.3/avr5\libgcc.a(_exit.o)
                              c:/winavr-20100110/bin/../lib/gcc/avr/4.3.3/../../../../avr/lib/avr5/crtm32.o (exit)
c:/winavr-20100110/bin/../lib/gcc/avr/4.3.3/avr5\libgcc.a(_copy_data.o)
                              ./MCAL/USART.o (__do_copy_data)
c:/winavr-20100110/bin/../lib/gcc/avr/4.3.3/avr5\libgcc.a(_clear_bss.o)
                              ./MCAL/USART.o (__do_clear_bss)
c:/winavr-20100110/bin/../lib/gcc/avr/4.3.3/../../../../avr/lib/avr5\libc.a(strcmp.o)
                              ./ApplicationLayer/Main.o (strcmp)

Allocating common symbols
Common symbol       size              file

MQ5                 0x2               ./ApplicationLayer/Main.o
MQ2                 0x2               ./ApplicationLayer/Main.o
EnteredPass         0x5               ./ApplicationLayer/Main.o

Memory Configuration

Name             Origin             Length             Attributes
text             0x00000000         0x00020000         xr
data             0x00800060         0x0000ffa0         rw !x
eeprom           0x00810000         0x00010000         rw !x
fuse             0x00820000         0x00000400         rw !x
lock             0x00830000         0x00000400         rw !x
signature        0x00840000         0x00000400         rw !x
*default*        0x00000000         0xffffffff

Linker script and memory map

LOAD c:/winavr-20100110/bin/../lib/gcc/avr/4.3.3/../../../../avr/lib/avr5/crtm32.o
LOAD ./MCAL/ADC.o
LOAD ./MCAL/USART.o
LOAD ./HAL/BUZZER.o
LOAD ./HAL/EEPROM.o
LOAD ./HAL/Keypad.o
LOAD ./HAL/lcd.o
LOAD ./ApplicationLayer/Main.o
LOAD c:/winavr-20100110/bin/../lib/gcc/avr/4.3.3/avr5\libgcc.a
LOAD c:/winavr-20100110/bin/../lib/gcc/avr/4.3.3/../../../../avr/lib/avr5\libc.a
LOAD c:/winavr-20100110/bin/../lib/gcc/avr/4.3.3/avr5\libgcc.a

.hash
 *(.hash)

.dynsym
 *(.dynsym)

.dynstr
 *(.dynstr)

.gnu.version
 *(.gnu.version)

.gnu.version_d
 *(.gnu.version_d)

.gnu.version_r
 *(.gnu.version_r)

.rel.init
 *(.rel.init)

.rela.init
 *(.rela.init)

.rel.text
 *(.rel.text)
 *(.rel.text.*)
 *(.rel.gnu.linkonce.t*)

.rela.text
 *(.rela.text)
 *(.rela.text.*)
 *(.rela.gnu.linkonce.t*)

.rel.fini
 *(.rel.fini)

.rela.fini
 *(.rela.fini)

.rel.rodata
 *(.rel.rodata)
 *(.rel.rodata.*)
 *(.rel.gnu.linkonce.r*)

.rela.rodata
 *(.rela.rodata)
 *(.rela.rodata.*)
 *(.rela.gnu.linkonce.r*)

.rel.data
 *(.rel.data)
 *(.rel.data.*)
 *(.rel.gnu.linkonce.d*)

.rela.data
 *(.rela.data)
 *(.rela.data.*)
 *(.rela.gnu.linkonce.d*)

.rel.ctors
 *(.rel.ctors)

.rela.ctors
 *(.rela.ctors)

.rel.dtors
 *(.rel.dtors)

.rela.dtors
 *(.rela.dtors)

.rel.got
 *(.rel.got)

.rela.got
 *(.rela.got)

.rel.bss
 *(.rel.bss)

.rela.bss
 *(.rela.bss)

.rel.plt
 *(.rel.plt)

.rela.plt
 *(.rela.plt)

.text           0x00000000      0x8ac
 *(.vectors)
 .vectors       0x00000000       0x54 c:/winavr-20100110/bin/../lib/gcc/avr/4.3.3/../../../../avr/lib/avr5/crtm32.o
                0x00000000                __vectors
                0x00000000                __vector_default
 *(.vectors)
 *(.progmem.gcc*)
 *(.progmem*)
                0x00000054                . = ALIGN (0x2)
                0x00000054                __trampolines_start = .
 *(.trampolines)
 .trampolines   0x00000054        0x0 linker stubs
 *(.trampolines*)
                0x00000054                __trampolines_end = .
 *(.jumptables)
 *(.jumptables*)
 *(.lowtext)
 *(.lowtext*)
                0x00000054                __ctors_start = .
 *(.ctors)
                0x00000054                __ctors_end = .
                0x00000054                __dtors_start = .
 *(.dtors)
                0x00000054                __dtors_end = .
 SORT(*)(.ctors)
 SORT(*)(.dtors)
 *(.init0)
 .init0         0x00000054        0x0 c:/winavr-20100110/bin/../lib/gcc/avr/4.3.3/../../../../avr/lib/avr5/crtm32.o
                0x00000054                __init
 *(.init0)
 *(.init1)
 *(.init1)
 *(.init2)
 .init2         0x00000054        0xc c:/winavr-20100110/bin/../lib/gcc/avr/4.3.3/../../../../avr/lib/avr5/crtm32.o
 *(.init2)
 *(.init3)
 *(.init3)
 *(.init4)
 .init4         0x00000060       0x16 c:/winavr-20100110/bin/../lib/gcc/avr/4.3.3/avr5\libgcc.a(_copy_data.o)
                0x00000060                __do_copy_data
 .init4         0x00000076       0x10 c:/winavr-20100110/bin/../lib/gcc/avr/4.3.3/avr5\libgcc.a(_clear_bss.o)
                0x00000076                __do_clear_bss
 *(.init4)
 *(.init5)
 *(.init5)
 *(.init6)
 *(.init6)
 *(.init7)
 *(.init7)
 *(.init8)
 *(.init8)
 *(.init9)
 .init9         0x00000086        0x8 c:/winavr-20100110/bin/../lib/gcc/avr/4.3.3/../../../../avr/lib/avr5/crtm32.o
 *(.init9)
 *(.text)
 .text          0x0000008e        0x4 c:/winavr-20100110/bin/../lib/gcc/avr/4.3.3/../../../../avr/lib/avr5/crtm32.o
                0x0000008e                __vector_1
                0x0000008e                __vector_12
                0x0000008e                __bad_interrupt
                0x0000008e                __vector_6
                0x0000008e                __vector_3
                0x0000008e                __vector_11
                0x0000008e                __vector_17
                0x0000008e                __vector_19
                0x0000008e                __vector_7
                0x0000008e                __vector_5
                0x0000008e                __vector_4
                0x0000008e                __vector_9
                0x0000008e                __vector_2
                0x0000008e                __vector_8
                0x0000008e                __vector_14
                0x0000008e                __vector_10
                0x0000008e                __vector_16
                0x0000008e                __vector_18
                0x0000008e                __vector_20
 .text          0x00000092        0x0 ./MCAL/ADC.o
 .text          0x00000092        0x0 ./MCAL/USART.o
 .text          0x00000092        0x0 ./HAL/BUZZER.o
 .text          0x00000092        0x0 ./HAL/EEPROM.o
 .text          0x00000092        0x0 ./HAL/Keypad.o
 .text          0x00000092        0x0 ./HAL/lcd.o
 .text          0x00000092        0x0 ./ApplicationLayer/Main.o
 .text          0x00000092        0x0 c:/winavr-20100110/bin/../lib/gcc/avr/4.3.3/avr5\libgcc.a(_udivmodsi4.o)
 .text          0x00000092        0x0 c:/winavr-20100110/bin/../lib/gcc/avr/4.3.3/avr5\libgcc.a(_exit.o)
 .text          0x00000092        0x0 c:/winavr-20100110/bin/../lib/gcc/avr/4.3.3/avr5\libgcc.a(_copy_data.o)
 .text          0x00000092        0x0 c:/winavr-20100110/bin/../lib/gcc/avr/4.3.3/avr5\libgcc.a(_clear_bss.o)
 .text          0x00000092        0x0 c:/winavr-20100110/bin/../lib/gcc/avr/4.3.3/../../../../avr/lib/avr5\libc.a(strcmp.o)
                0x00000092                . = ALIGN (0x2)
 *(.text.*)
 .text.ADC_init
                0x00000092        0xc ./MCAL/ADC.o
                0x00000092                ADC_init
 .text.ADC_read
                0x0000009e       0x18 ./MCAL/ADC.o
                0x0000009e                ADC_read
 .text.UART_Init
                0x000000b6       0x14 ./MCAL/USART.o
                0x000000b6                UART_Init
 .text.UART_RX_InterruptEnable
                0x000000ca        0x4 ./MCAL/USART.o
                0x000000ca                UART_RX_InterruptEnable
 .text.UART_RX_InterruptDisable
                0x000000ce        0x4 ./MCAL/USART.o
                0x000000ce                UART_RX_InterruptDisable
 .text.UART_TX_InterruptEnable
                0x000000d2        0x4 ./MCAL/USART.o
                0x000000d2                UART_TX_InterruptEnable
 .text.UART_TX_InterruptDisable
                0x000000d6        0x4 ./MCAL/USART.o
                0x000000d6                UART_TX_InterruptDisable
 .text.UART_RX_SetCallBack
                0x000000da        0xa ./MCAL/USART.o
                0x000000da                UART_RX_SetCallBack
 .text.UART_TX_SetCallBack
                0x000000e4        0xa ./MCAL/USART.o
                0x000000e4                UART_TX_SetCallBack
 .text.__vector_13
                0x000000ee       0x52 ./MCAL/USART.o
                0x000000ee                __vector_13
 .text.__vector_15
                0x00000140       0x52 ./MCAL/USART.o
                0x00000140                __vector_15
 .text.UART_SendByteNoBlock
                0x00000192        0x4 ./MCAL/USART.o
                0x00000192                UART_SendByteNoBlock
 .text.UART_ReceiveByteNoBlock
                0x00000196        0x4 ./MCAL/USART.o
                0x00000196                UART_ReceiveByteNoBlock
 .text.UART_SendByte
                0x0000019a        0x8 ./MCAL/USART.o
                0x0000019a                UART_SendByte
 .text.UART_ReceiveByte
                0x000001a2        0x8 ./MCAL/USART.o
                0x000001a2                UART_ReceiveByte
 .text.UART_SendString
                0x000001aa       0x1a ./MCAL/USART.o
                0x000001aa                UART_SendString
 .text.UART_Receive_NoBlock
                0x000001c4       0x12 ./MCAL/USART.o
                0x000001c4                UART_Receive_NoBlock
 .text.Buzzer_init
                0x000001d6        0x6 ./HAL/BUZZER.o
                0x000001d6                Buzzer_init
 .text.EEPROM_write
                0x000001dc       0x10 ./HAL/EEPROM.o
                0x000001dc                EEPROM_write
 .text.EEPROM_read
                0x000001ec        0xe ./HAL/EEPROM.o
                0x000001ec                EEPROM_read
 .text.Keypad_init
                0x000001fa       0x1a ./HAL/Keypad.o
                0x000001fa                Keypad_init
 .text.Keypad_get_pressed_key
                0x00000214       0x74 ./HAL/Keypad.o
                0x00000214                Keypad_get_pressed_key
 .text.LCD_Send_Command
                0x00000288       0xb6 ./HAL/lcd.o
                0x00000288                LCD_Send_Command
 .text.LCD_Init
                0x0000033e       0x4a ./HAL/lcd.o
                0x0000033e                LCD_Init
 .text.LCD_Send_Char
                0x00000388       0xb6 ./HAL/lcd.o
                0x00000388                LCD_Send_Char
 .text.LCD_Send_String
                0x0000043e       0x1a ./HAL/lcd.o
                0x0000043e                LCD_Send_String
 .text.LCD_Send_Number
                0x00000458       0xc2 ./HAL/lcd.o
                0x00000458                LCD_Send_Number
 .text.Set_Cursor_Pos
                0x0000051a       0x1e ./HAL/lcd.o
 .text.LCD_Send_Number_Pos
                0x00000538       0x2c ./HAL/lcd.o
                0x00000538                LCD_Send_Number_Pos
 .text.LCD_Send_String_Pos
                0x00000564       0x1a ./HAL/lcd.o
                0x00000564                LCD_Send_String_Pos
 .text.LCD_Send_Char_Pos
                0x0000057e       0x16 ./HAL/lcd.o
                0x0000057e                LCD_Send_Char_Pos
 .text.LCD_Send_Cust_char
                0x00000594       0x56 ./HAL/lcd.o
                0x00000594                LCD_Send_Cust_char
 .text.main     0x000005ea      0x268 ./ApplicationLayer/Main.o
                0x000005ea                main
 .text.libgcc   0x00000852       0x44 c:/winavr-20100110/bin/../lib/gcc/avr/4.3.3/avr5\libgcc.a(_udivmodsi4.o)
                0x00000852                __udivmodsi4
 .text.libgcc   0x00000896        0x0 c:/winavr-20100110/bin/../lib/gcc/avr/4.3.3/avr5\libgcc.a(_exit.o)
 .text.libgcc   0x00000896        0x0 c:/winavr-20100110/bin/../lib/gcc/avr/4.3.3/avr5\libgcc.a(_copy_data.o)
 .text.libgcc   0x00000896        0x0 c:/winavr-20100110/bin/../lib/gcc/avr/4.3.3/avr5\libgcc.a(_clear_bss.o)
 .text.avr-libc
                0x00000896       0x12 c:/winavr-20100110/bin/../lib/gcc/avr/4.3.3/../../../../avr/lib/avr5\libc.a(strcmp.o)
                0x00000896                strcmp
                0x000008a8                . = ALIGN (0x2)
 *(.fini9)
 .fini9         0x000008a8        0x0 c:/winavr-20100110/bin/../lib/gcc/avr/4.3.3/avr5\libgcc.a(_exit.o)
                0x000008a8                exit
                0x000008a8                _exit
 *(.fini9)
 *(.fini8)
 *(.fini8)
 *(.fini7)
 *(.fini7)
 *(.fini6)
 *(.fini6)
 *(.fini5)
 *(.fini5)
 *(.fini4)
 *(.fini4)
 *(.fini3)
 *(.fini3)
 *(.fini2)
 *(.fini2)
 *(.fini1)
 *(.fini1)
 *(.fini0)
 .fini0         0x000008a8        0x4 c:/winavr-20100110/bin/../lib/gcc/avr/4.3.3/avr5\libgcc.a(_exit.o)
 *(.fini0)
                0x000008ac                _etext = .

.data           0x00800060       0xcc load address 0x000008ac
                0x00800060                PROVIDE (__data_start, .)
 *(.data)
 .data          0x00800060        0x0 c:/winavr-20100110/bin/../lib/gcc/avr/4.3.3/../../../../avr/lib/avr5/crtm32.o
 .data          0x00800060        0x0 ./MCAL/ADC.o
 .data          0x00800060        0x0 ./MCAL/USART.o
 .data          0x00800060        0x0 ./HAL/BUZZER.o
 .data          0x00800060        0x0 ./HAL/EEPROM.o
 .data          0x00800060        0x0 ./HAL/Keypad.o
 .data          0x00800060        0x0 ./HAL/lcd.o
 .data          0x00800060       0x7b ./ApplicationLayer/Main.o
 .data          0x008000db        0x0 c:/winavr-20100110/bin/../lib/gcc/avr/4.3.3/avr5\libgcc.a(_udivmodsi4.o)
 .data          0x008000db        0x0 c:/winavr-20100110/bin/../lib/gcc/avr/4.3.3/avr5\libgcc.a(_exit.o)
 .data          0x008000db        0x0 c:/winavr-20100110/bin/../lib/gcc/avr/4.3.3/avr5\libgcc.a(_copy_data.o)
 .data          0x008000db        0x0 c:/winavr-20100110/bin/../lib/gcc/avr/4.3.3/avr5\libgcc.a(_clear_bss.o)
 .data          0x008000db        0x0 c:/winavr-20100110/bin/../lib/gcc/avr/4.3.3/../../../../avr/lib/avr5\libc.a(strcmp.o)
 *(.data*)
 .data.pass     0x008000db        0x5 ./ApplicationLayer/Main.o
                0x008000db                pass
 .data.ch       0x008000e0        0x1 ./ApplicationLayer/Main.o
                0x008000e0                ch
 .data.tries    0x008000e1        0x2 ./ApplicationLayer/Main.o
                0x008000e1                tries
 *(.rodata)
 *(.rodata*)
 .rodata.BaudRateArray
                0x008000e3       0x48 ./MCAL/USART.o
                0x008000e3                BaudRateArray
 *(.gnu.linkonce.d*)
                0x0080012c                . = ALIGN (0x2)
 *fill*         0x0080012b        0x1 00
                0x0080012c                _edata = .
                0x0080012c                PROVIDE (__data_end, .)

.bss            0x0080012c       0x11
                0x0080012c                PROVIDE (__bss_start, .)
 *(.bss)
 .bss           0x0080012c        0x0 c:/winavr-20100110/bin/../lib/gcc/avr/4.3.3/../../../../avr/lib/avr5/crtm32.o
 .bss           0x0080012c        0x0 ./MCAL/ADC.o
 .bss           0x0080012c        0x0 ./MCAL/USART.o
 .bss           0x0080012c        0x0 ./HAL/BUZZER.o
 .bss           0x0080012c        0x0 ./HAL/EEPROM.o
 .bss           0x0080012c        0x0 ./HAL/Keypad.o
 .bss           0x0080012c        0x0 ./HAL/lcd.o
 .bss           0x0080012c        0x0 ./ApplicationLayer/Main.o
 .bss           0x0080012c        0x0 c:/winavr-20100110/bin/../lib/gcc/avr/4.3.3/avr5\libgcc.a(_udivmodsi4.o)
 .bss           0x0080012c        0x0 c:/winavr-20100110/bin/../lib/gcc/avr/4.3.3/avr5\libgcc.a(_exit.o)
 .bss           0x0080012c        0x0 c:/winavr-20100110/bin/../lib/gcc/avr/4.3.3/avr5\libgcc.a(_copy_data.o)
 .bss           0x0080012c        0x0 c:/winavr-20100110/bin/../lib/gcc/avr/4.3.3/avr5\libgcc.a(_clear_bss.o)
 .bss           0x0080012c        0x0 c:/winavr-20100110/bin/../lib/gcc/avr/4.3.3/../../../../avr/lib/avr5\libc.a(strcmp.o)
 *(.bss*)
 .bss.UART_RX_Fptr
                0x0080012c        0x2 ./MCAL/USART.o
 .bss.UART_TX_Fptr
                0x0080012e        0x2 ./MCAL/USART.o
 .bss.Key       0x00800130        0x1 ./ApplicationLayer/Main.o
                0x00800130                Key
 .bss.flag      0x00800131        0x1 ./ApplicationLayer/Main.o
                0x00800131                flag
 .bss.i         0x00800132        0x2 ./ApplicationLayer/Main.o
                0x00800132                i
 *(COMMON)
 COMMON         0x00800134        0x9 ./ApplicationLayer/Main.o
                0x00800134                MQ5
                0x00800136                MQ2
                0x00800138                EnteredPass
                0x0080013d                PROVIDE (__bss_end, .)
                0x000008ac                __data_load_start = LOADADDR (.data)
                0x00000978                __data_load_end = (__data_load_start + SIZEOF (.data))

.noinit         0x0080013d        0x0
                0x0080013d                PROVIDE (__noinit_start, .)
 *(.noinit*)
                0x0080013d                PROVIDE (__noinit_end, .)
                0x0080013d                _end = .
                0x0080013d                PROVIDE (__heap_start, .)

.eeprom         0x00810000        0x0
 *(.eeprom*)
                0x00810000                __eeprom_end = .

.fuse
 *(.fuse)
 *(.lfuse)
 *(.hfuse)
 *(.efuse)

.lock
 *(.lock*)

.signature
 *(.signature*)

.stab
 *(.stab)

.stabstr
 *(.stabstr)

.stab.excl
 *(.stab.excl)

.stab.exclstr
 *(.stab.exclstr)

.stab.index
 *(.stab.index)

.stab.indexstr
 *(.stab.indexstr)

.comment
 *(.comment)

.debug
 *(.debug)

.line
 *(.line)

.debug_srcinfo
 *(.debug_srcinfo)

.debug_sfnames
 *(.debug_sfnames)

.debug_aranges
 *(.debug_aranges)

.debug_pubnames
 *(.debug_pubnames)

.debug_info
 *(.debug_info)
 *(.gnu.linkonce.wi.*)

.debug_abbrev
 *(.debug_abbrev)

.debug_line
 *(.debug_line)

.debug_frame
 *(.debug_frame)

.debug_str
 *(.debug_str)

.debug_loc
 *(.debug_loc)

.debug_macinfo
 *(.debug_macinfo)
OUTPUT(HomeAutomation.elf elf32-avr)
LOAD linker stubs
